
===========================================================================
 report_power
============================================================================
======================= Fastest Corner ===================================

Group                  Internal  Switching    Leakage      Total
                          Power      Power      Power      Power (Watts)
----------------------------------------------------------------
Sequential             1.08e-03   2.20e-04   8.19e-08   1.30e-03  37.0%
Combinational          1.01e-03   6.76e-04   6.38e-09   1.69e-03  48.3%
Clock                  2.16e-04   2.98e-04   3.53e-09   5.14e-04  14.7%
Macro                  0.00e+00   0.00e+00   0.00e+00   0.00e+00   0.0%
Pad                    0.00e+00   0.00e+00   0.00e+00   0.00e+00   0.0%
----------------------------------------------------------------
Total                  2.30e-03   1.19e-03   9.18e-08   3.50e-03 100.0%
                          65.9%      34.1%       0.0%

======================= Slowest Corner ===================================

Group                  Internal  Switching    Leakage      Total
                          Power      Power      Power      Power (Watts)
----------------------------------------------------------------
Sequential             7.37e-04   1.43e-04   2.26e-06   8.82e-04  36.7%
Combinational          7.24e-04   4.42e-04   3.40e-06   1.17e-03  48.7%
Clock                  1.56e-04   1.92e-04   2.82e-07   3.48e-04  14.5%
Macro                  0.00e+00   0.00e+00   0.00e+00   0.00e+00   0.0%
Pad                    0.00e+00   0.00e+00   0.00e+00   0.00e+00   0.0%
----------------------------------------------------------------
Total                  1.62e-03   7.77e-04   5.94e-06   2.40e-03 100.0%
                          67.4%      32.4%       0.2%

======================= Typical Corner ===================================

Group                  Internal  Switching    Leakage      Total
                          Power      Power      Power      Power (Watts)
----------------------------------------------------------------
Sequential             9.34e-04   1.83e-04   8.09e-08   1.12e-03  37.0%
Combinational          8.98e-04   5.67e-04   2.54e-09   1.46e-03  48.5%
Clock                  1.90e-04   2.51e-04   2.88e-09   4.40e-04  14.6%
Macro                  0.00e+00   0.00e+00   0.00e+00   0.00e+00   0.0%
Pad                    0.00e+00   0.00e+00   0.00e+00   0.00e+00   0.0%
----------------------------------------------------------------
Total                  2.02e-03   1.00e-03   8.64e-08   3.02e-03 100.0%
                          66.9%      33.1%       0.0%

