
===========================================================================
 report_power
============================================================================
======================= Fastest Corner ===================================

Group                  Internal  Switching    Leakage      Total
                          Power      Power      Power      Power (Watts)
----------------------------------------------------------------
Sequential             1.08e-03   2.27e-04   8.19e-08   1.30e-03  36.8%
Combinational          1.01e-03   7.05e-04   6.38e-09   1.72e-03  48.5%
Clock                  2.16e-04   3.07e-04   3.53e-09   5.23e-04  14.8%
Macro                  0.00e+00   0.00e+00   0.00e+00   0.00e+00   0.0%
Pad                    0.00e+00   0.00e+00   0.00e+00   0.00e+00   0.0%
----------------------------------------------------------------
Total                  2.30e-03   1.24e-03   9.18e-08   3.54e-03 100.0%
                          65.0%      35.0%       0.0%

======================= Slowest Corner ===================================

Group                  Internal  Switching    Leakage      Total
                          Power      Power      Power      Power (Watts)
----------------------------------------------------------------
Sequential             7.37e-04   1.47e-04   2.26e-06   8.86e-04  36.5%
Combinational          7.24e-04   4.61e-04   3.40e-06   1.19e-03  48.9%
Clock                  1.56e-04   1.98e-04   2.82e-07   3.54e-04  14.6%
Macro                  0.00e+00   0.00e+00   0.00e+00   0.00e+00   0.0%
Pad                    0.00e+00   0.00e+00   0.00e+00   0.00e+00   0.0%
----------------------------------------------------------------
Total                  1.62e-03   8.07e-04   5.94e-06   2.43e-03 100.0%
                          66.5%      33.2%       0.2%

======================= Typical Corner ===================================

Group                  Internal  Switching    Leakage      Total
                          Power      Power      Power      Power (Watts)
----------------------------------------------------------------
Sequential             9.35e-04   1.89e-04   8.09e-08   1.12e-03  36.7%
Combinational          8.98e-04   5.91e-04   2.54e-09   1.49e-03  48.7%
Clock                  1.90e-04   2.58e-04   2.88e-09   4.48e-04  14.6%
Macro                  0.00e+00   0.00e+00   0.00e+00   0.00e+00   0.0%
Pad                    0.00e+00   0.00e+00   0.00e+00   0.00e+00   0.0%
----------------------------------------------------------------
Total                  2.02e-03   1.04e-03   8.64e-08   3.06e-03 100.0%
                          66.1%      33.9%       0.0%

